2025-03-17 13:47:42,318 - __main__ - INFO - Testing dataloader with directory: data/20230720_G3_test_images and CSV file: data/0720_G3_scored_to_image.csv
2025-03-17 13:47:42,318 - __main__ - ERROR - Image directory does not exist: data/20230720_G3_test_images
2025-03-17 13:48:32,853 - __main__ - INFO - Testing dataloader with directory: /Users/thomasbernabe/Documents/gage-lab/uav_for_slb_regression/data/20230720_G3_test_images and CSV file: data/0720_G3_scored_to_image.csv
2025-03-17 13:48:32,854 - __main__ - ERROR - CSV file does not exist: data/0720_G3_scored_to_image.csv
2025-03-17 13:49:01,774 - __main__ - INFO - Testing dataloader with directory: /Users/thomasbernabe/Documents/gage-lab/uav_for_slb_regression/data/20230720_G3_test_images and CSV file: /Users/thomasbernabe/Documents/gage-lab/uav_for_slb_regression/data/0720_G3_scored_to_image.csv
2025-03-17 13:49:01,777 - drone_analysis - INFO - loaded CSV file with 529 entries
2025-03-17 13:49:01,779 - drone_analysis - INFO - Dropped 110 rows with missing entries
2025-03-17 13:49:01,779 - drone_analysis - INFO - Found 10 valid images in directory
2025-03-17 13:49:01,785 - drone_analysis - INFO - Successfully matched 9 images with CSV entries
2025-03-17 13:49:01,785 - __main__ - INFO - Dataset created successfully with 9 valid image to score pairs
2025-03-17 13:49:01,785 - __main__ - INFO - List of matched image IDs: [3450.0, 3449.0, 3448.0, 3447.0, 3446.0, 3445.0, 3444.0, 3443.0, 3442.0]
2025-03-17 13:49:01,785 - __main__ - INFO - CSV entries: 419, images in directory: 10
2025-03-17 13:49:01,785 - __main__ - INFO - Unused images: 1
2025-03-17 13:49:02,119 - __main__ - INFO - Batch shape: torch.Size([4, 3, 224, 224])
2025-03-17 13:49:02,119 - __main__ - INFO - Score shape: torch.Size([4])
2025-03-17 13:49:02,120 - __main__ - INFO - Score Values: tensor([7.5000, 7.0000, 8.0000, 6.5000])
2025-03-17 13:49:02,120 - __main__ - WARNING - Could not visualize image: module 'matplotlib' has no attribute 'figure'
2025-03-17 13:49:02,120 - __main__ - INFO - Testing data splitting functionality...
2025-03-17 13:49:02,122 - drone_analysis - INFO - Data has been split: Train370, Validation=79, Test=80
2025-03-17 13:49:02,127 - drone_analysis - INFO - loaded CSV file with 370 entries
2025-03-17 13:49:02,128 - drone_analysis - INFO - Dropped 74 rows with missing entries
2025-03-17 13:49:02,128 - drone_analysis - INFO - Found 10 valid images in directory
2025-03-17 13:49:02,132 - drone_analysis - INFO - Successfully matched 6 images with CSV entries
2025-03-17 13:49:02,133 - drone_analysis - INFO - loaded CSV file with 79 entries
2025-03-17 13:49:02,133 - drone_analysis - INFO - Dropped 16 rows with missing entries
2025-03-17 13:49:02,133 - drone_analysis - INFO - Found 10 valid images in directory
2025-03-17 13:49:02,134 - drone_analysis - INFO - Successfully matched 0 images with CSV entries
2025-03-17 13:49:02,135 - drone_analysis - INFO - loaded CSV file with 80 entries
2025-03-17 13:49:02,135 - drone_analysis - INFO - Dropped 20 rows with missing entries
2025-03-17 13:49:02,135 - drone_analysis - INFO - Found 10 valid images in directory
2025-03-17 13:49:02,136 - drone_analysis - INFO - Successfully matched 3 images with CSV entries
2025-03-17 13:49:02,137 - __main__ - INFO - Split results - Train: 6, Val: 0, Test: 3
2025-03-17 13:55:09,698 - __main__ - INFO - Testing dataloader with directory: /Users/thomasbernabe/Documents/gage-lab/uav_for_slb_regression/data/20230720_G3_test_images and CSV file: /Users/thomasbernabe/Documents/gage-lab/uav_for_slb_regression/data/0720_G3_scored_to_image.csv
2025-03-17 13:55:09,702 - drone_analysis - INFO - loaded CSV file with 529 entries
2025-03-17 13:55:09,704 - drone_analysis - INFO - Dropped 110 rows with missing entries
2025-03-17 13:55:09,704 - drone_analysis - INFO - Found 10 valid images in directory
2025-03-17 13:55:09,710 - drone_analysis - INFO - Successfully matched 9 images with CSV entries
2025-03-17 13:55:09,711 - __main__ - INFO - Dataset created successfully with 9 valid image to score pairs
2025-03-17 13:55:09,711 - __main__ - INFO - List of matched image IDs: [3450.0, 3449.0, 3448.0, 3447.0, 3446.0, 3445.0, 3444.0, 3443.0, 3442.0]
2025-03-17 13:55:09,711 - __main__ - INFO - CSV entries: 419, images in directory: 10
2025-03-17 13:55:09,711 - __main__ - INFO - Unused images: 1
2025-03-17 13:55:09,833 - __main__ - INFO - Batch shape: torch.Size([4, 3, 224, 224])
2025-03-17 13:55:09,833 - __main__ - INFO - Score shape: torch.Size([4])
2025-03-17 13:55:09,843 - __main__ - INFO - Score Values: tensor([7.5000, 7.0000, 8.0000, 6.5000])
2025-03-17 13:55:10,402 - __main__ - INFO - test visualization has been saved
2025-03-17 13:55:10,402 - __main__ - INFO - Testing data splitting functionality...
2025-03-17 13:55:10,404 - drone_analysis - INFO - Data has been split: Train370, Validation=79, Test=80
2025-03-17 13:55:10,407 - drone_analysis - INFO - loaded CSV file with 370 entries
2025-03-17 13:55:10,407 - drone_analysis - INFO - Dropped 74 rows with missing entries
2025-03-17 13:55:10,407 - drone_analysis - INFO - Found 10 valid images in directory
2025-03-17 13:55:10,411 - drone_analysis - INFO - Successfully matched 6 images with CSV entries
2025-03-17 13:55:10,412 - drone_analysis - INFO - loaded CSV file with 79 entries
2025-03-17 13:55:10,412 - drone_analysis - INFO - Dropped 16 rows with missing entries
2025-03-17 13:55:10,412 - drone_analysis - INFO - Found 10 valid images in directory
2025-03-17 13:55:10,413 - drone_analysis - INFO - Successfully matched 0 images with CSV entries
2025-03-17 13:55:10,413 - drone_analysis - INFO - loaded CSV file with 80 entries
2025-03-17 13:55:10,414 - drone_analysis - INFO - Dropped 20 rows with missing entries
2025-03-17 13:55:10,414 - drone_analysis - INFO - Found 10 valid images in directory
2025-03-17 13:55:10,415 - drone_analysis - INFO - Successfully matched 3 images with CSV entries
2025-03-17 13:55:10,415 - __main__ - INFO - Split results - Train: 6, Val: 0, Test: 3
2025-03-17 15:12:02,121 - __main__ - INFO - Data has been split: Train370, Validation=79, Test=80
2025-03-17 15:12:02,124 - __main__ - INFO - Loaded CSV file with 370 entries
2025-03-17 15:12:02,125 - __main__ - INFO - Dropped 74 rows with missing entries
2025-03-17 15:12:02,126 - __main__ - INFO - Found 10 valid images in directory
2025-03-17 15:12:02,130 - __main__ - INFO - Successfully matched 6 images with CSV entries
2025-03-17 15:12:02,131 - __main__ - INFO - Loaded CSV file with 79 entries
2025-03-17 15:12:02,131 - __main__ - INFO - Dropped 16 rows with missing entries
2025-03-17 15:12:02,131 - __main__ - INFO - Found 10 valid images in directory
2025-03-17 15:12:02,132 - __main__ - INFO - Successfully matched 0 images with CSV entries
2025-03-17 15:12:02,133 - __main__ - INFO - Loaded CSV file with 80 entries
2025-03-17 15:12:02,133 - __main__ - INFO - Dropped 20 rows with missing entries
2025-03-17 15:12:02,133 - __main__ - INFO - Found 10 valid images in directory
2025-03-17 15:12:02,134 - __main__ - INFO - Successfully matched 3 images with CSV entries
2025-03-17 15:12:02,134 - __main__ - INFO - Data loaders created successfully
2025-03-17 15:12:02,134 - __main__ - INFO - Training samples; 6
2025-03-17 15:12:02,135 - __main__ - INFO - Validation samples: 0
2025-03-17 15:12:02,135 - __main__ - INFO - Test samples: 3
2025-03-20 13:39:38,737 - __main__ - INFO - Data has been split: Train370, Validation=79, Test=80
2025-03-20 13:39:38,740 - __main__ - INFO - Loaded CSV file with 370 entries
2025-03-20 13:39:38,741 - __main__ - INFO - Dropped 74 rows with missing entries
2025-03-20 13:39:38,742 - __main__ - INFO - Found 10 valid images in directory
2025-03-20 13:39:38,746 - __main__ - INFO - Successfully matched 6 images with CSV entries
2025-03-20 13:39:38,747 - __main__ - INFO - Loaded CSV file with 79 entries
2025-03-20 13:39:38,748 - __main__ - INFO - Dropped 16 rows with missing entries
2025-03-20 13:39:38,748 - __main__ - INFO - Found 10 valid images in directory
2025-03-20 13:39:38,749 - __main__ - INFO - Successfully matched 0 images with CSV entries
2025-03-20 13:39:38,749 - __main__ - INFO - Loaded CSV file with 80 entries
2025-03-20 13:39:38,750 - __main__ - INFO - Dropped 20 rows with missing entries
2025-03-20 13:39:38,750 - __main__ - INFO - Found 10 valid images in directory
2025-03-20 13:39:38,751 - __main__ - INFO - Successfully matched 3 images with CSV entries
2025-03-20 13:39:38,751 - __main__ - INFO - Data loaders created successfully
2025-03-20 13:39:38,751 - __main__ - INFO - Training samples; 6
2025-03-20 13:39:38,751 - __main__ - INFO - Validation samples: 0
2025-03-20 13:39:38,751 - __main__ - INFO - Test samples: 3
2025-03-20 13:42:22,016 - __main__ - INFO - Data has been split: Train=370, Validation=79, Test=80
2025-03-20 13:42:22,018 - __main__ - INFO - Loaded CSV file with 370 entries
2025-03-20 13:42:22,019 - __main__ - INFO - Dropped 74 rows with missing entries
2025-03-20 13:42:22,020 - __main__ - INFO - Found 10 valid images in directory
2025-03-20 13:42:22,024 - __main__ - INFO - Successfully matched 6 images with CSV entries
2025-03-20 13:42:22,025 - __main__ - INFO - Loaded CSV file with 79 entries
2025-03-20 13:42:22,026 - __main__ - INFO - Dropped 16 rows with missing entries
2025-03-20 13:42:22,026 - __main__ - INFO - Found 10 valid images in directory
2025-03-20 13:42:22,027 - __main__ - INFO - Successfully matched 0 images with CSV entries
2025-03-20 13:42:22,028 - __main__ - INFO - Loaded CSV file with 80 entries
2025-03-20 13:42:22,028 - __main__ - INFO - Dropped 20 rows with missing entries
2025-03-20 13:42:22,028 - __main__ - INFO - Found 10 valid images in directory
2025-03-20 13:42:22,029 - __main__ - INFO - Successfully matched 3 images with CSV entries
2025-03-20 13:42:22,031 - __main__ - INFO - Data loaders created successfully
2025-03-20 13:42:22,031 - __main__ - INFO - Training samples; 6
2025-03-20 13:42:22,031 - __main__ - INFO - Validation samples: 0
2025-03-20 13:42:22,031 - __main__ - INFO - Test samples: 3
